// Jest Snapshot v1, https://goo.gl/fbAQLP

exports[`describe test 1`] = `41`;
